// Jest Snapshot v1, https://goo.gl/fbAQLP

exports[`Pruebas en PrimeraApp debe de mostrar <PrimeraApp /> saludo correctamente 1`] = `
<Fragment>
  <h1>
    Hola a todos
  </h1>
  <p>
    hola subtitulo
  </p>
</Fragment>
`;
